2026-10-07 17:49:08   The following farfield monitor(s) have been adjusted to model box [-2.45331,
                      52.4931, -2.45331, 8.45331, -2.56233, 2.95117]:
                        farfield (f=2.4), farfield (f=2.45), farfield (f=2.4835).
                      For further information please check the page "Special Solver Parameters -
                      Solver" in the Online Help.

                      ------------------------------------------------------------------------------
2026-10-07 17:49:08   According to the selected features the <Time Domain Solver (HEX)> will be
                      started.

                      ------------------------------------------------------------------------------
2026-10-07 17:49:08   
                      Solver started at: 2026-10-07 17:49:08 +0530

                        Module:  Time Domain: S-Parameter (Win 64)
                        Version: 2026.4 Release from 2026-04-14 (change 1669599)

2026-10-07 17:49:08   

                      ------------------------------------------------------------------------------
2026-10-07 17:49:08   

                      ------------------------------------------------------------------------------
2026-10-07 17:49:09   ======================================================================
                      Solver uses float precision.
                      ======================================================================



                      ------------------------------------------------------------------------------
2026-10-07 17:49:09   ======================================================================
                       Solver cycle: 1
                      ======================================================================

                      Stimulation at discrete port 1 



                      ------------------------------------------------------------------------------
2026-10-07 17:49:09   Units settings: 

                        Dimensions: mm
                        Frequency:  GHz
                        Time:       ns

                      ------------------------------------------------------------------------------
2026-10-07 17:49:09   The dispersive material update [Automatic] will be performed using the "Standard" update schema

                      ------------------------------------------------------------------------------
2026-10-07 17:50:17   The following discrete edge port is connected to metal material:
                      	1

                      ------------------------------------------------------------------------------
2026-10-07 17:50:17   The following lumped edge element is connected to metal material:
                      	series_match

                      ------------------------------------------------------------------------------
2026-10-07 17:50:17   Mesh statistics:

                         Hexahedral mesh type: Perfect Boundary Approximation (PBA)
                            Version: default

                         Parallelization type: domain decomposition
                            Number of parallel working threads: 1
                            Number of calculation domains used: 1

                         Used point accuracy enhancement value: 75.00%.
                         Acceleration mode: CPU
                         PBA fill limit: 99.00% (inverse)

2026-10-07 17:50:18   Boundary conditions: 

                        YZsymmetry: none
                        XZsymmetry: none
                        XYsymmetry: none

                        Xmin: expanded open, 4 Layer, depth 29.113 mm
                        Xmax: expanded open, 4 Layer, depth 33.4136 mm

                        Ymin: expanded open, 4 Layer, depth 29.113 mm
                        Ymax: expanded open, 4 Layer, depth 29.113 mm

                        Zmin: expanded open, 4 Layer, depth 30.5283 mm
                        Zmax: expanded open, 4 Layer, depth 28.0719 mm

                        PML-Type: Convolution PML

                      ------------------------------------------------------------------------------
2026-10-07 17:50:18   Frequency settings: 

                        Fmin:         1
                        Fmax:         3.5
                        Nfsteps:      1001

                      ------------------------------------------------------------------------------
2026-10-07 17:50:19   Field update statistics:

                        Number of components in total: 	222780
                        Number of TST and special elements:	66
                        Number of lossy metal components:	1026
                        Number of disp. elements:		13032

                      Subcycling state:      			Automatically deactivated

                      ------------------------------------------------------------------------------
2026-10-07 17:50:19   Port: 1

                        Discrete element, reference impedance = 50 Ohm

                      ------------------------------------------------------------------------------
2026-10-07 17:50:35   
                      --------------------------------------------------------------------------------
2026-10-07 17:50:35   Steady state energy criterion met, solver finished successfully.

                      ------------------------------------------------------------------------------
2026-10-07 17:50:35   Frequency domain results normalized to default signal.


                      ------------------------------------------------------------------------------
2026-10-07 17:50:35   
                        ----------------------------------------------------------------------------
                                            Peak memory used (GB)         Free physical memory (GB) 
                                                                          At begin     Minimum      
                        ----------------------------------------------------------------------------
                        CAD preparation     0.016                         0.410        0.410        
                        Matrices calc.      0.058                         0.397        0.388        
                        Solver run total    0.083                         0.424        0.236        
                        ----------------------------------------------------------------------------

                      --------------------------------------------------------------------------------
                      Solver Statistics:

                        Hardware:
                           Computer name:                 	Victus 

                           Number of CPU threads:               6
                           Hardware info:                  	Hardware Accelerator Device not activated

                        Number of mesh cells:             	35438
                        Excitation duration:              	2.84363900e+000 ns 
                        Calculation time for excitation:  	0 	s
                        Number of calculated pulse widths:	1.53822 
                        Steady state accuracy limit:      	-40	dB 
                        Simulated number of time steps:   	21758 
                        Maximum number of time steps:     	282885 
                        Time step width:
                           without subcycles:             	2.010450485e-004 ns
                           used:                          	2.010450485e-004 ns

                        CAD preparation time:             	0      	s
                        Matrix calculation time:          	68 	s
                        Solver setup time:                	3 	s
                        Solver loop time:                 	13 	s
                        Solver post-processing time:      	1 	s
                                                          	------------
                        Total solver time:                	85 	s  ( = 0 h, 1 m, 25 s )

                      ------------------------------------------------------------------------------
2026-10-07 17:50:35   
                        Total solver time (all cycles):      	85     	s  ( = 0 h, 1 m, 25 s )
                        Solver initialization and clean-up:  	1      	s
                                                             	------------
                        Total simulation time:               	86     	s  ( = 0 h, 1 m, 26 s )

                      ------------------------------------------------------------------------------
2026-10-07 17:50:35   Time Domain: S-ParameterSolver finished at: 2026-10-07 17:50:35 +0530



                      ------------------------------------------------------------------------------
2026-10-07 17:50:38   Creating parametric 1D results for Run ID 1

                      ------------------------------------------------------------------------------
